✅ Checklist visual appearance verified
- Checklist section visible with orange/amber gradient background
- Title "📋 Trip Preparation Checklist" displays correctly
- Progress counter shows "0 of 16 tasks complete"
- Three priority sections present: Do Now, Do Soon, Before Departure
- "Do Now" section has urgent styling (pink/red background)
- All 16 tasks visible with checkbox emojis (☐)
- Checklist positioned before flights section

✅ Responsive design tested
- Checklist visible on mobile viewport (375x667)
- Padding adjusts appropriately on mobile
- Text remains readable on small screens

✅ Task completion workflow verified
- Strikethrough styling applies when "completed" class added
- Tasks can be marked with ✅ checkbox
- Visual distinction between incomplete and complete tasks

Test artifacts:
- /tmp/checklist_test.png - Full page screenshot
- test_checklist.py - Automated test script
- test_completed_task.py - Completed task styling test
